------------------------------------------------------------
Timing Analyzer Summary
------------------------------------------------------------

Type  : Slow 1200mV 85C Model Setup 'CLK50MHZ'
Slack : -4.122
TNS   : -111.344

Type  : Slow 1200mV 85C Model Setup 'debouncer:comb_3|A'
Slack : -2.261
TNS   : -7.498

Type  : Slow 1200mV 85C Model Hold 'CLK50MHZ'
Slack : 0.616
TNS   : 0.000

Type  : Slow 1200mV 85C Model Hold 'debouncer:comb_3|A'
Slack : 0.900
TNS   : 0.000

Type  : Slow 1200mV 85C Model Recovery 'debouncer:comb_3|A'
Slack : -0.731
TNS   : -2.924

Type  : Slow 1200mV 85C Model Removal 'debouncer:comb_3|A'
Slack : 1.128
TNS   : 0.000

Type  : Slow 1200mV 85C Model Minimum Pulse Width 'CLK50MHZ'
Slack : -3.000
TNS   : -50.702

Type  : Slow 1200mV 85C Model Minimum Pulse Width 'debouncer:comb_3|A'
Slack : -1.403
TNS   : -5.612

Type  : Slow 1200mV 0C Model Setup 'CLK50MHZ'
Slack : -3.768
TNS   : -100.640

Type  : Slow 1200mV 0C Model Setup 'debouncer:comb_3|A'
Slack : -2.025
TNS   : -6.652

Type  : Slow 1200mV 0C Model Hold 'CLK50MHZ'
Slack : 0.571
TNS   : 0.000

Type  : Slow 1200mV 0C Model Hold 'debouncer:comb_3|A'
Slack : 0.840
TNS   : 0.000

Type  : Slow 1200mV 0C Model Recovery 'debouncer:comb_3|A'
Slack : -0.709
TNS   : -2.836

Type  : Slow 1200mV 0C Model Removal 'debouncer:comb_3|A'
Slack : 1.128
TNS   : 0.000

Type  : Slow 1200mV 0C Model Minimum Pulse Width 'CLK50MHZ'
Slack : -3.000
TNS   : -50.702

Type  : Slow 1200mV 0C Model Minimum Pulse Width 'debouncer:comb_3|A'
Slack : -1.403
TNS   : -5.612

Type  : Fast 1200mV 0C Model Setup 'CLK50MHZ'
Slack : -1.253
TNS   : -28.062

Type  : Fast 1200mV 0C Model Setup 'debouncer:comb_3|A'
Slack : -0.308
TNS   : -0.891

Type  : Fast 1200mV 0C Model Hold 'CLK50MHZ'
Slack : 0.237
TNS   : 0.000

Type  : Fast 1200mV 0C Model Hold 'debouncer:comb_3|A'
Slack : 0.358
TNS   : 0.000

Type  : Fast 1200mV 0C Model Recovery 'debouncer:comb_3|A'
Slack : 0.012
TNS   : 0.000

Type  : Fast 1200mV 0C Model Removal 'debouncer:comb_3|A'
Slack : 0.621
TNS   : 0.000

Type  : Fast 1200mV 0C Model Minimum Pulse Width 'CLK50MHZ'
Slack : -3.000
TNS   : -38.198

Type  : Fast 1200mV 0C Model Minimum Pulse Width 'debouncer:comb_3|A'
Slack : -1.000
TNS   : -4.000

------------------------------------------------------------
